<pre class="shiki" style="background-color: #ffffff"><code><span class="line"><span style="color: #81A1C1">@if</span><span style="color: #D8DEE9FF">(</span><span style="color: #81A1C1">$</span><span style="color: #D8DEE9">foo</span><span style="color: #D8DEE9FF">)</span></span>
<span class="line"><span style="color: #D8DEE9FF">    </span><span style="color: #81A1C1">&lt;p&gt;{{</span><span style="color: #D8DEE9FF"> </span><span style="color: #ECEFF4">&quot;</span><span style="color: #A3BE8C">Hello world</span><span style="color: #ECEFF4">&quot;</span><span style="color: #D8DEE9FF"> </span><span style="color: #81A1C1">}}&lt;/p&gt;</span></span>
<span class="line"><span style="color: #81A1C1">@endif</span></span></code></pre>