<pre class="shiki" style="background-color: #ffffff"><code><span class="line"><span style="color: #CF222E">&lt;?</span><span style="color: #0550AE">php</span><span style="color: #24292F"> </span><span style="color: #0550AE">echo</span><span style="color: #24292F"> </span><span style="color: #0A3069">&quot;Hello World&quot;</span><span style="color: #24292F">; </span><span style="color: #CF222E">?&gt;</span></span></code></pre>